Gs^Fp, Gs^Fp, Gs^Fp, Ch, Gs^Fp, Ch, Ss, Ss, Ss, Ss, Gs^Fp, Gs^Fp, Gs^Fp, Gg, Ss, Ss, Ss, Ss, Gs^Fp, Gs^Fp, Gs^Fp, Gs^Fp, Ss, Ss, Ss, Xoa, Gs^Fp, Gs^Fp, Gs^Fp, Gs^Fp, Gs^Fp, Gs^Fp, Xoa, Xoa, Xoa, Xoa, Ww, Xoa, Xoa, Gs^Fp, Gs^Fp, Gg
Gs^Fp, Gs^Fp, Gs^Fp, Ss, Ch, Ch, Ch, Gs^Fp, Ss, Ss, Ss, Gs^Fp, Gg, Ss, Ss, Ss, Ss, Gs^Fp, Gs^Fp, Gs^Fp, Gs^Fp, Gs^Fp, Gs^Fp, Ss, Ss, Xoa, Gg, Gs^Fp, Qxua, Ss, Ss, Xof, Xoa, Ww, Ww, Ww^Ewf, Ww, Xoa, Xu, Gs^Fp, Xu, Gg
Gs^Fp, Gs^Fp, Ss, Gs^Fp, Ch, Kh, Ch, Gs^Fp, Gs^Fp, Ss, Ss, Gg, Gg, Ss, Ss, Ss, Ss, Ss, Gg^Ve, Gs^Fp, Gs^Fp, Gs^Fp, Sm, Ss, Ss, Xoa, Ss, Qxua, Qxua, Qxua, Isa, Isa, Ww, Ww, Ww, Ww, Isa, Ss, Ss, Xu, Ss, Gg
Gs^Fp, Gs^Fp, Ss, Gs^Fp, Re, Ch, Gg^Ve, Gs^Fp, Ss, Ss, Ss, Gg, Gs^Fp, Gs^Fp, Gs^Fp, Ss, Ss, Ss, Ss, Ss, Gs^Fp, Sm, Gs^Fp, Sm, Sm, Xoa, Ss, Ss, Ss, Isa, Isa, Isa, Isa, Isa, Isa, Gs^Fp, Xoa, Isa, Ss, Ss, Xoa, Gg
Ss, Ss, Ss, Gs^Fp, Re, Re, Gs^Fp, Ww, Ch, Ss, Re, Gg, Gs^Fp, Gs^Fp, Gs^Fp, Ss, Ss, Ss, Ss, Ss, Ss, Gs^Fp, Gs^Fp, Gs^Fp, Ss, Ss, Xoa, Sm, Isa, Isa, Gs^Fp, Xoa, Gg, Isa, Xoa, Gg, Isa, Xof, Xu, Xoa, Ss, Gg
Ss, Ss, Ss, Ss, Gs^Fp, Re, Re, Re, Re, Re, Gg, Re, Gg, Gs^Fp, Gs^Fp, Gs^Fp, Gs^Fp, Gs^Fp, Ss, Ss, Gs^Fp, Gs^Fp, Hh, Hh, Hh, Gs^Fp, Gs^Fp, Xoa, Xoa, Xoa, Xoa, Qlf, Gg^Ebn, Gg, Xoa, Gs^Fp, Isa, Gs^Wm, Xu, Ss, Xu, Gg
Ss, Ss, Ss, Gs^Fp, Re, Re, Gs^Fp, Re, Ww, Ss, Gs^Fp, Gg, Gg, Re, Re, Gg, Ss, Gs^Fp, Ss, Ss, Gs^Fp, Hh, Hh, Mm, Hh, Hh, Sm, Ss, Gs^Fp, Gs^Fp, Gs^Fp, Xoa, Xoa, Xof, Gs^Fp, Gg, Isa, Isa, Ss, Xu, Xu, Ww
Ss, Gg, Ww^Bw\, Re, Gs^Fp, Gs^Fp, Gs^Fp, Gs^Fp, Ww, Gs^Fp, Gs^Fp, Gs^Fp, Gs^Fp, Gg, Gg, Re, Re, Gs^Fp, Gs^Fp, Ss, Gs^Fp, Gs^Fp, Hh, Mm, Mm, Hh, Sm, Ss, Ss^Vhs, Ss, Gs^Fp, Gs^Fp, Xoa, Gs^Fp, Ss, Gs^Fp, Ss, Ss, Ss, Ss, Xu, Re
Ss, Re, Ss, Ss, Gs^Fp, Gs^Fp, Gs^Fp, Gs^Fp, Ww, Gs^Fp, Gs^Fp, Gs^Fp, Gs^Fp, Gg, Gg, Re, Re, Re, Gg, Gs^Fp, Gg, Gg, Hh, Mm, Mm, Hh, Gs^Fp, Re, Ss, Ss, Ss, Gs^Fp, Re, Xoa, Xoa, Ss, Gs^Fp, Ss, Uh, Uh, Xu, Re
Ss, Ww^Bw|, Gg^Ve, Ss, Ss, Gs^Fp, Gs^Fp, Gs^Fp, Ww, Ww, Ww, Gs^Fp, Ww, Gs^Fp, Gg^Ve, Gg, Ss, Re, Re, Gg, Gg, Gg, Hh, Hh, Hh, Hh, Hh, Re, Gs^Fp, Ss, Ww, Gs^Fp, Re, Re, Re, Ss, Xoa, Ss, Xoa, Xu, Xu, Gll
Ss, Re, Gg, Ww, Ww, Gs^Fp, Gs^Fp, Gs^Fp, Ww, Ww, Ww, Ww, Ww, Sm, Ww, Ww, Ww, Ss, Ss, Re, Re, Gg, Gg, Gg, Gg, Gg, Ss, Ss, Gs^Fp, Ss, Re, Re, Ww, Gs^Fp, Gs^Fp, Ss, Isa, Xoa, Mm, Mm, Mm, Gll
Re, Re, Ss, Ww, Ww, Ww, Gs^Fp, Ww, Ww, Sm, Gs^Fp, Ss, Ss, Sm, Ss, Ss, Ss, Ss, Re, Re, Re, Re, Gg, Gg, Ss, Ss, Ss, Gs^Fp, Gs^Fp, Gs^Fp, Gs^Fp, Gs^Fp, Ww, Ww, Gs^Fp, Ss, Gg^Ve, Mm, Mm, Ms^Xm, Ms^Xm, Gs
Ss, Ss, Ss, Ww, Ww, Ww, Ww, Ww^Bw\, Gs^Fp, Ss, Ss, Sm, Ss, Ss, Ss, Sm, Sm, Ss, Re, Gg, Re, Ss, Ss, Ss, Ss, Ss, Ss, Re, Gg^Ve, Gs^Fp, Gs^Fp, Ww, Ss, Ss, Gs^Fp, Gs^Fp, Ss, Ss, Ms^Xm, Ms^Xm, Ms^Xm, Ms^Xm
Ss, Ss, Ww, Wo, Gs^Fp, Gs^Fp, Gs^Fp, Ww, Ss, Ss, Ss, Ss, Ss, Ss, Sm, Ss, Ss, Re, Ss, Gg, Re, Ch, Re, Gs^Fp, Re, Gs^Fp, Gs^Fp, Re, Gs^Fp, Ww, Ss, Ss, Gs^Fp, Gs^Fp, Gs^Fp, Hh, Hh, Ms^Xm, Mm, Mm, Hh, Ms^Xm
Gs^Fp, Ww, Gs^Fp, Ww, Ss, Gs^Fp, Ss, Gs^Fp, Ww, Ss, Ss, Ss, Gs^Fp, Sm, Ss, Ss, Ss, Ss, Gs^Fp, Ss, Ww, Re, Ss, Re, Re, Re, Re, Re, Ch, Ww, Ww, Ss, Ss, Gs^Fp, Gs^Fp, Hh, Gs^Fp, Mm, Gs^Fp, Mm, Hh, Gs^Fp
Gs^Fp, Ss, Ss, Gs^Fp, Gs^Fp, Ss, Ww, Ww, Ww, Gg, Ss, Ss, Gs^Fp, Sm, Gs^Fp, Ss, Ss, Ss, Gs^Fp, Gs^Fp, Gs^Fp, Ww, Ss, Ss, Ss, Ss, Gs^Fp, Ss, Ch, Ww, Ww, Ss, Ss, Gs^Fp, Ss, Gs^Fp, Gs^Fp, Gg^Ve, Ww, Gg, Ss, Gs^Fp
Gs^Fp, Ww, Ss, Gs^Fp, Gs^Fp, Ww, Ss, Gg^Ve, Gg, Ss, Ss, Ss, Gs^Fp, Gs^Fp, Gs^Fp, Ss, Ss, Ww, Gs^Fp, Gs^Fp, Gs^Fp, Ss, Ss, Ss, Ss, Gs^Fp, Ww, Ww, Ww, Ww^Bw\, Ww^Bw\, Gs^Fp, Ss, Ss, Ss, Gs^Fp, Gs^Fp, Ww, Ww, Ww, Ss, Ww
Gs^Fp, Ww, Ww, Gs^Fp, Gs^Fp, Gg, Ss, Ss, Ss, Ss, Gs^Fp, Gs^Fp, Gs^Fp, Gs^Fp, Ss, Gs^Fp, Ww, Ww, Gs^Fp, Ww, Ww, Ss, Ss, Ss, Ww, Ww, Ss, Ss, Ss, Ww, Ss, Re, Gs^Fp, Ss, Gs^Fp, Gs^Fp, Gs^Fp, Ss, Gs^Fp, Ss, Ww, Ww
Gs^Fp, Ww, Ww, Gs^Fp, Gs^Fp, Gg, Ss, Ss, Ss, Gs^Fp, Gs^Fp, Gs^Fp, Gg, Ss, Ss, Gs^Fp, Ww, Gs^Fp, Gs^Fp, Gs^Fp, Ww, Ww, Ss, Ww, Ss^Vhs, Ww, Ss, Ss, Ss, Ss, Gs^Fp, Re, Gs^Fp, Gs^Fp, Ss, Gs^Fp, Gs^Fp, Gs^Fp, Gs^Fp, Gs^Fp, Ss, Gs^Fp
Gs^Fp, Ww, Ww, Gs^Fp, Gs^Fp, Gs^Fp, Gs^Fp, Ss, Gs^Fp, Gs^Fp, Ss, Gs^Fp, Gg, Gg, Gs^Fp, Gg^Ve, Ww, Gs^Fp, Gs^Fp, Gs^Fp, Ww, Ss, Ss, Ss, Ss, Ss, Ss, Ss, Ss, Ss, Gs^Fp, Re, Re, Re, Ss, Ss, Ss, Gs^Fp, Gs^Fp, Gs^Fp, Ww, Ww
Gs^Fp, Gs^Fp, Gs^Fp, Ww, Ww, Ww, Ww, Ss, Gs, Gs^Fp, Ss, Ss, Ww, Ss, Gs^Fp, Gs^Fp, Gs^Fp, Gs^Fp, Gs^Fp, Gs^Fp, Ww, Ss, Ss, Ss, Ss, Ss, Ww, Ss, Ss, Gs^Fp, Re, Re, Re, Gs^Fp, Gs^Fp, Ss, Ss, Ss, Ss, Ss, Ss, Gg
Gs^Fp, Gs^Fp, Gs, Gll, Ww, Ww, Ww, Ww, Ww, Ss, Ss, Gs, Ww, Gs, Ss, Ss, Gs^Fp, Gs^Fp, Ww, Gs^Fp, Ww, Gs^Fp, Ss, Ss, Gs^Fp, Gs^Fp, Gs^Fp, Ww, Ss, Ss, Re, Gs^Fp, Gs^Fp, Re, Re, Ch, Ch, Ch, Ss, Ss, Ss, Gg
Gll, Gs, Gll, Ww, Ww, Gll, Ww, Gll, Ww, Ww, Gll, Gll, Gll, Wo, Wo, Ss, Ss, Ss, Ww, Ww, Gll, Ss, Ss, Gs^Fp, Gs^Fp, Gs^Fp, Gs^Fp, Ww, Re, Ss, Ss, Gs^Fp, Gs^Fp, Gs^Fp, Gs^Fp, Ch, Kh, Ch, Ss, Ss, Ss, Re
Gll, Gll, Re, Ww, Ww, Ww, Re, Re, Ww, Re, Re, Re, Re, Wo, Wo, Gll, Ww, Gll, Ww, Gll, Wo, Gll, Gll, Gll, Gll, Gs^Fp, Ww, Ww, Ww, Ss, Ss, Ss, Gg^Ve, Gs^Fp, Ss, Ss, Ch, Ch, Ch, Gg, Gg, Re
Gll, Gll, Re, Re, Ww, Ww, Ww, Ww, Re, Ww, Re, Re, Re, Ww, Wo, Ww, Re, Ww, Ww, Ww, Gll, Wo, Gll, Gll, Gll, Gll, Ww, Ww, Ww, Ss, Ss, Ss, Gll, Gs^Fp, Gll, Ss, Gll, Gs^Fp, Gll, Gll, Gll, Gll
Re, Re, Re, Re, Ww, Ww, Ww, Ww, Re, Ww, Ww, Re, Re, Wo, Wo, Re, Re, Re, Wo, Ww, Wo, Wo, Ww, Gll, Ww, Ww, Ww, Ww, Re, Ss, Re, Gll, Re, Gll, Re, Gll, Re, Gll, Re, Gll, Gll, Gll
Re, Re, Re, Re, Re, Re, Re, Ww, Ww, Ww, Re, Re, Re, Ww, Wo, Wo, Re, Re, Re, Ww, Wo, Re, Ww, Re, Ww, Ww, Ww, Re, Re, Re, Re, Re, Re, Re, Re, Re, Re, Re, Re, Re, Re, Re
Re, Re, Re, Re, Re, Re, Ww, Ww, Ww, Ww, Ww, Re, Ww, Wo, Ww, Ww, Re, Re, Re, Ww, Ww, Wo, Wo, Ww, Re, Ww, Ww, Re, Gg, Re, Re, Re, Re, Re, Re, Re, Re, Re, Re, Re, Re, Re
Re, Re, Re, Re, Gg, Gg, Ww, Gg, Ww, Re, Ww, Ww, Wo, Wo, Ww, Re, Re, Re, Re, Re, Re, Ww, Ww, Wo, Wo, Ww, Ww, Ss, Ss, Ss, Ss, Re, Re, Re, Re, Re, Re, Re, Re, Re, Re, Re
Gg, Re, Gg, Gg, Gg, Gs^Vh, Gg, Gg, Gg, Gg, Gg, Wo, Wo, Wo, Re, Ww, Re, Re, Re, Re, Ww, Ww, Ww, Wo, Wo, Ww, Ww, Ww, Ss, Gg, Gg, Re, Re, Re, Re, Re, Re, Re, Re, Re, Gg, Ss
Gg, Gg, Gg, Gg, Gg, Gg, Ss, Gg, Ss, Ww, Ww, Wo, Wo, Ww, Gg, Gg, Gg, Gg, Gg, Gg, Gg, Ww, Ww, Gg, Wo, Wo, Ww, Ss, Gg, Gg, Gg, Gg, Gg, Gd^Vhr, Gg, Gg, Gg, Gg, Gg, Gg, Gg, Gs^Fp
Gg, Gg, Ss, Gll, Ss, Ss, Gg, Ss, Ww, Ww, Ww, Wo, Wo, Wo, Ww, Ss, Gg, Ss, Gg, Ss, Ss, Ww, Ww, Wo, Wo, Wo, Ss, Ss, Ss, Ss, Ss, Gg, Ss, Gg, Ss, Ss, Ss, Ss, Ss, Ss, Ss, Gs^Fp
Gg, Ss, Ss, Ss, Gg, Gg, Ww, Ww, Wo, Wo, Wo, Wo, Gg, Ww, Gg, Gg, Ai, Ai, Ai, Gg, Gs^Vh, Ss, Ww, Ww, Ww, Wo, Wo, Ss, Ww, Ss, Ss, Ss, Ss, Ss, Ss, Ss, Gg, Ss, Ss, Ss, Ss, Ss
Gg, Gg, Ww, Gg, Ww, Ww, Ww, Ww, Ww, Ww, Ww, Wo, Gg, Ww, Gg, Gg, Ai, Ai, Ai, Gg, Gg, Gg, Ww, Gg, Ww, Ww, Wo, Wo, Ww, Ww, Wo, Ss, Ss, Ss, Ss, Gg, Ss, Ss, Ss, Ss, Ss, Gs^Fp
Gg, Gg, Gg, Ww, Ww, Gg, Gg, Ww, Gg, Gg, Gg, Ww, Ww, Ww, Gg, Gg, Gg, Ai, Gg, Gg, Gg, Gg, Ww, Ww, Ww, Wo, Wo, Wo, Ss, Ww, Ss, Ss, Ss, Gg, Ss, Ss, Ss, Ss, Gg, Gg, Gg, Gs^Fp
Ds, Ds, Ds, Ds, Ds, Gg, Gg, Gg, Ds, Gg, Gg, Gg, Wo, Gg, Gg, Gg, Gg, Gg, Gg, Gg, Wo, Ww, Gg, Ww, Ww, Wo, Wo, Ss, Gg, Ss, Gg, Ss, Ss, Ss, Gg, Ss, Gg, Gg, Ds, Ds, Ds, Gs^Fp
Ds, Ds, Ds, Ds, Ww, Ww, Ww, Ds, Ds, Gg, Gg, Ww, Ds, Wo, Ww, Ds, Ds, Gg, Ds, Gg, Ww, Ww, Ds, Ww, Ww, Wo, Wo, Wo, Wo, Gg, Ds, Gg, Ds, Gg, Gg, Gg, Ds, Ds, Ds, Ds, Ds, Gs^Fp
Ww, Ww, Ww, Ds, Ds, Ww, Ww, Ds, Ds, Ds, Ds, Ds, Ds, Ds, Ww, Wo, Ww, Ds, Ds, Ww, Ww, Ds, Ds, Ww^Vm, Ww, Wo, Wo, Ww, Ww, Ds, Ds, Ds, Ds, Ds, Ds, Ds, Ds, Ds, Wo, Wo, Ww, Ss
Wo, Ww, Ww, Ww, Ww, Ww, Ww, Ww, Ww, Ww, Ww, Ww, Ww, Ww, Ww, Ww, Ww, Ww, Ww, Ww, Wo, Wo, Wo, Wo, Wo, Wo, Wo, Wo, Ww, Ww, Ww, Ww, Ww, Ww, Ww, Ww^Vm, Ww, Ww, Ww, Ww, Wo, Wo
Wo, Ww, Wo, Wo, Wo, Wo, Wo, Wo, Wo, Wo, Wo, Wo, Wo, Wo, Wo, Ww, Wo, Wo, Wo, Ww, Wo, Wo, Wo, Wo, Wo, Wo, Wo, Wo, Wo, Wo, Wo, Wo, Wo, Ww, Wo, Ww, Wo, Ww, Wo, Wo, Wo, Wo
Wo, Wo, Wo, Wo, Wo, Wo, Ww^Vm, Wo, Wo, Wo, Wo, Wo, Wo, Wo, Wo, Wo, Wo, Wo, Wo, Wo, Wo, Wo, Wo, Wo, Wo, Wo, Wo, Wo, Wo, Wo, Wo, Wo, Wo, Wo, Wo, Wo, Wo, Wo, Wo, Wo, Wo, Wo
Wo, Wo, Wo, Wo, Wo, Wo, Wo, Wo, Wo, Wo, Wo, Wo, Wo, Wo, Wo, Wo, Wo, Wo, Wo, Wo, Wo, Wo, Wo, Wo, Wo, Wo, Wo, Wo, Wo, Wo, Wo, Wo, Wo, Wo, Wo, Wo, Wo, Wo, Wo, Wo, Wo, Wo
