Gg, Gg, Gg, Gg, Gg, Gg, Gg, Gg, Gg, Gg, Gg, Gg, Gg, Gg, Gg, Gg, Gg, Gg, Gg, Gg, Gg, Gg, Ce, Gg, Gg, Gg, Gg, Gg, Gll^Fp, Gll^Fp, Gll^Fp, Gg, Gll^Fp, Gg, Gll^Fp, Gll^Fp, Gll^Fp, Gll^Fp, Gll^Fp, Gll^Fp, Gll^Fp, Gll^Fp, Gll^Fp, Gg, Gg, Gg
Gg, Gg, Gll^Fp, Gll^Fp, Gll^Fp, Gg, Gll^Fp, Gg, Gg, Gg, Gll^Fp, Gg, Gll^Fp, Gll^Fp, Gll^Fp, Gg, Gll^Fp, Gll^Fp, Gll^Fp, Gg, Ce, Ce, 3 Ke, Ce, Ce, Gg, Gll^Fp, Gll^Fp, Gll^Fp, Gll^Fp, Gll^Fp, Gll^Fp, Gll^Fp, Gll^Fp, Gll^Fp, Gll^Fp, Gll^Fp, Gll^Fp, Gll^Fp, Gll^Fp, Gll^Fp, Gll^Fp, Gll^Fp, Gll^Fp, Gll^Fp, Gg
Gg, Gll^Fp, Gll^Fp, Gll^Fp, Gll^Fp, Gll^Fp, Gll^Fp, Gll^Fp, Gg, Gll^Fp, Gll^Fp, Gll^Fp, Gll^Fp, Gll^Fp, Gll^Fp, Gll^Fp, Gll^Fp, Gll^Fp, Gll^Fp, Gll^Fp, Ce, Ke, Ce, Ke, Ce, Gll^Fp, Gll^Fp, Gll^Fp, Gll^Fp, Gll^Fp, Gll^Fp, Gll^Fp, Gll^Fp, Gll^Fp, Gll^Fp, Gll^Fp, Gll^Fp, Gll^Fp, Gll^Fp, Gll^Fp, Gll^Fp, Gll^Fp, Gll^Fp, Gll^Fp, Gll^Fp, Gll^Fp
Gg, Gll^Fp, Gll^Fp, Gll^Fp, Gll^Fp, Gll^Fp, Ce, Gll^Fp, Gll^Fp, Gll^Fp, Gll^Fp, Gll^Fp, Gll^Fp, Gll^Fp, Gll^Fp, Gll^Fp, Gll^Fp, Gll^Fp, Gll^Fp, Gll^Fp, Gll^Fp, Ce, Gll^Fp, Ce, Gll^Fp, Gll^Fp, Gll^Fp, Gll^Fp, Gll^Fp, Gll^Fp, Gll^Fp, Gll^Fp, Gll^Fp, Gll^Fp, Gll^Fp, Gll^Fp, Gll^Fp, Gll^Fp, Gll^Fp, Gll^Fp, Gll^Fp, Gll^Fp, Gll^Fp, Gll^Fp, Gll^Fp, Gll^Fp
Gg, Gll^Fp, Gll^Fp, Gll^Fp, Gll^Fp, Ce, 2 Ke, Ce, Gll^Fp, Gll^Fp, Gll^Fp, Gll^Fp, Gll^Fp, Gll^Fp, Gll^Fp, Gll^Fp, Gll^Fp, Gll^Fp, Gll^Fp, Gll^Fp, Gll^Fp, Gll^Fp, Gll^Fp, Gll^Fp, Gll^Fp, Gll^Fp, Gll^Fp, Gll^Fp, Gll^Fp, Gll^Fp, Gll^Fp, Gll^Fp, Gll^Fp, Gll^Fp, Gll^Fp, Gll^Fp, Gll^Fp, Gll^Fp, Gll^Fp, Gll^Fp, Gll^Fp, Gll^Fp, Gll^Fp, Gll^Fp, Gll^Fp, Gll^Fp
Gll^Fp, Gll^Fp, Gll^Fp, Gll^Fp, Gll^Fp, Ce, Gll^Fp, Gll^Fp, Gll^Fp, Gll^Fp, Gll^Fp, Gll^Fp, Gll^Fp, Gll^Fp, Gll^Fp, Gg, Gg, Gll^Fp, Gg, Gg, Gll^Fp, Gll^Fp, Gll^Fp, Gll^Fp, Gll^Fp, Gg, Gll^Fp, Gll^Fp, Gll^Fp, Gll^Fp, Gll^Fp, Gll^Fp, Gll^Fp, Gll^Fp, Gll^Fp, Gll^Fp, Gll^Fp, Gll^Fp, Gll^Fp, Gll^Fp, Gll^Fp, Gll^Fp, Gll^Fp, Gll^Fp, Gll^Fp, Gll^Fp
Gll^Fp, Gll^Fp, Gll^Fp, Gll^Fp, Gll^Fp, Gll^Fp, Gll^Fp, Gll^Fp, Gg, Gg, Gg, Gll^Fp, Gll^Fp, Gll^Fp, Gg, Gg, Gg, Gg, Gg, Gg, Gg, Gll^Fp, Gll^Fp, Gll^Fp, Gg, Gg, Gg, Gll^Fp, Gll^Fp, Gll^Fp, Gll^Fp, Gll^Fp, Gll^Fp, Gll^Fp, Gll^Fp, Gll^Fp, Gll^Fp, Gll^Fp, Gll^Fp, Gll^Fp, Gll^Fp, Gll^Fp, Gll^Fp, Gll^Fp, Gll^Fp, Gll^Fp
Gll^Fp, Gll^Fp, Gll^Fp, Gll^Fp, Gll^Fp, Gll^Fp, Gll^Fp, Gll^Fp, Gg, Gg, Gg, Gg, Gg, Gg, Gll^Fp, Gll^Fp, Gll^Fp, Gg, Gg, Gg, Gg, Gg, Gg, Gg, Gg, Gg, Gg, Gg, Gg, Gll^Fp, Gg, Gll^Fp, Gll^Fp, Gll^Fp, Gll^Fp, Gll^Fp, Gll^Fp, Gll^Fp, Gll^Fp, Gll^Fp, Gll^Fp, Gll^Fp, Gll^Fp, Gll^Fp, Gll^Fp, Gll^Fp
Gg, Gll^Fp, Gll^Fp, Gll^Fp, Gg, Gll^Fp, Gg, Gg, Gg, Gg, Gg, Gg, Gg, Gll^Fp, Gll^Fp, Gll^Fp, Gll^Fp, Gll^Fp, Gll^Fp, Gll^Fp, Gll^Fp, Gll^Fp, Gll^Fp, Gg, Gg, Gg, Gll^Fp, Gll^Fp, Gll^Fp, Gg, Gg, Gg, Gll^Fp, Gg, Gg, Gg, Gg, Gll^Fp, Gll^Fp, Gll^Fp, Gll^Fp, Gll^Fp, Gll^Fp, Gll^Fp, Gll^Fp, Gll^Fp
Gg, Gg, Gg, Gg, Gg, Gg, Gg, Gg, Gll^Fp, Gg, Gg, Gg, Gg, Gll^Fp, Gll^Fp, Gll^Fp, Gll^Fp, Gll^Fp, Gll^Fp, Gll^Fp, Gll^Fp, Gll^Fp, Gll^Fp, Gll^Fp, Gll^Fp, Gll^Fp, Gll^Fp, Gll^Fp, Gll^Fp, Gll^Fp, Gll^Fp, Gll^Fp, Gll^Fp, Gll^Fp, Gll^Fp, Gg, Gg, Gll^Fp, Gll^Fp, Gll^Fp, Gll^Fp, Gll^Fp, Gll^Fp, Gll^Fp, Gll^Fp, Gll^Fp
Gg, Gg, Gg, Gg, Gg, Gg, Gll^Fp, Gll^Fp, Gll^Fp, Gll^Fp, Gll^Fp, Gg, Gg, Gll^Fp, Gll^Fp, Gll^Fp, Gll^Fp, Gll^Fp, Gll^Fp, Gll^Fp, Gll^Fp, Gll^Fp, Gll^Fp, Gll^Fp, Gll^Fp, Gll^Fp, Gll^Fp, Gll^Fp, Gll^Fp, Gll^Fp, Gll^Fp, Gll^Fp, Gll^Fp, Gll^Fp, Gll^Fp, Gg, Gg, Gg, Gg, Gll^Fp, Gll^Fp, Gll^Fp, Gg, Gll^Fp, Gg, Gg
Gg, Gg, Gg, Gg, Gg, Gg, Gll^Fp, Gll^Fp, Gll^Fp, Gll^Fp, Gll^Fp, Gg, Gll^Fp, Gll^Fp, Gll^Fp, Gll^Fp, Gll^Fp, Gll^Fp, Gll^Fp, Gll^Fp, Gll^Fp, Gll^Fp, Gll^Fp, Gll^Fp, Gll^Fp, Gll^Fp, Gll^Fp, Gll^Fp, Gll^Fp, Gll^Fp, Gll^Fp, Gll^Fp, Gll^Fp, Gll^Fp, Gll^Fp, Gg, Gll^Fp, Gll^Fp, Gll^Fp, Gg, Gg, Gg, Gg, Gg, Gll^Fp, Gg
Gg, Gg, Gll^Fp, Gg, Gg, Gg, Gll^Fp, Gll^Fp, Gll^Fp, Gll^Fp, Gll^Fp, Gll^Fp, Gll^Fp, Gll^Fp, Gll^Fp, Gll^Fp, Gll^Fp, Gll^Fp, Gll^Fp, Gll^Fp, Gll^Fp, Gll^Fp, Gll^Fp, Gll^Fp, Gll^Fp, Gll^Fp, Gll^Fp, Gll^Fp, Gll^Fp, Gll^Fp, Gll^Fp, Gll^Fp, Gll^Fp, Gll^Fp, Gg, Gll^Fp, Gll^Fp, Gll^Fp, Gll^Fp, Gll^Fp, Gg, Gg, Gll^Fp, Gll^Fp, Gll^Fp, Gll^Fp
Gll^Fp, Gll^Fp, Gll^Fp, Gll^Fp, Gll^Fp, Gg, Gg, Gll^Fp, Gll^Fp, Gll^Fp, Gg, Gll^Fp, Gll^Fp, Gll^Fp, Gll^Fp, Gll^Fp, Gg, Gll^Fp, Gll^Fp, Gll^Fp, Gll^Fp, Gll^Fp, Gll^Fp, Gll^Fp, Gll^Fp, Gll^Fp, Gll^Fp, Gll^Fp, Gll^Fp, Gll^Fp, Gll^Fp, Gll^Fp, Gll^Fp, Gll^Fp, Gg, Gll^Fp, Gll^Fp, Gll^Fp, Gll^Fp, Gll^Fp, Gg, Gg, Gll^Fp, Gll^Fp, Gll^Fp, Gll^Fp
Gll^Fp, Gll^Fp, Gll^Fp, Gll^Fp, Gll^Fp, Gg, Gg, Gg, Gg, Gg, Gg, Gll^Fp, Gll^Fp, Gll^Fp, Gll^Fp, Gll^Fp, Gg, Gg, Gg, Gll^Fp, Gll^Fp, Gll^Fp, Gll^Fp, Gll^Fp, Gll^Fp, Gll^Fp, Gll^Fp, Gll^Fp, Gll^Fp, Gll^Fp, Gll^Fp, Gll^Fp, Gg, Gg, Gg, Gll^Fp, Gll^Fp, Gll^Fp, Gll^Fp, Gll^Fp, Gg, Gll^Fp, Cv, Gll^Fp, Gll^Fp, Gll^Fp
Gll^Fp, Gll^Fp, Gll^Fp, Gll^Fp, Gll^Fp, Gll^Fp, Gg, Gg, Gll^Fp, Gg, Gg, Gg, Gg, Gll^Fp, Gg, Gg, Gg, Gg, Gg, Gg, Gg, Gll^Fp, Gll^Fp, Gll^Fp, Gll^Fp, Gll^Fp, Gll^Fp, Gll^Fp, Gll^Fp, Gll^Fp, Gg, Gg, Gg, Gg, Gg, Gg, Gg, Gll^Fp, Cv, Gg, Gg, Gll^Fp, Gll^Fp, Gll^Fp, Cv, Gll^Fp
Gg, Gll^Fp, Gll^Fp, Gll^Fp, Gll^Fp, Gll^Fp, Gg, Gll^Fp, Gll^Fp, Gll^Fp, Gll^Fp, Gg, Gg, Gg, Gg, Gg, Gg, Gg, Gg, Gg, Gg, Gg, Gg, Gll^Fp, Gll^Fp, Gll^Fp, Gll^Fp, Gll^Fp, Gg, Gg, Gg, Gg, Gg, Gg, Gg, Gg, Cv, Gg, Gg, Gg, Gg, Gll^Fp, Gll^Fp, Gll^Fp, Gll^Fp, Gll^Fp
Gg, Ce, Ce, Gll^Fp, Gg, Gg, Gll^Fp, Gll^Fp, Gll^Fp, Gll^Fp, Gll^Fp, Gll^Fp, Gg, Gg, Gll^Fp, Gll^Fp, Gll^Fp, Gg, Gg, Gg, Gg, Gg, Gg, Gg, Gg, Gg, Gg, Gg, Gg, Gg, Gll^Fp, Gg, Gg, Gg, Gll^Fp, Gll^Fp, Gll^Fp, Gg, Gg, Gg, Gg, Gg, Cv, Gll^Fp, Gg, Gg
Gg, 1 Ke, Ce, Gg, Gll^Fp, Gll^Fp, Gll^Fp, Gll^Fp, Gll^Fp, Gll^Fp, Gll^Fp, Gll^Fp, Gg, Gg, Gll^Fp, Gll^Fp, Gll^Fp, Gll^Fp, Gll^Fp, Gg, Gg, Gg, Gg, Gg, Gll^Fp, Gg, Gg, Gg, Gll^Fp, Gll^Fp, Gll^Fp, Gll^Fp, Gll^Fp, Gll^Fp, Gll^Fp, Gll^Fp, Gll^Fp, Gll^Fp, Gg, Gg, Cv, Cv, Gg, Cv, Gg, Cv
Gg, Ce, Gll^Fp, Gll^Fp, Gll^Fp, Gll^Fp, Gll^Fp, Gll^Fp, Gll^Fp, Gll^Fp, Gg, Gg, Gll^Fp, Gll^Fp, Gll^Fp, Gll^Fp, Gll^Fp, Gll^Fp, Gll^Fp, Gll^Fp, Gg, Gg, Gll^Fp, Gll^Fp, Gll^Fp, Gll^Fp, Gll^Fp, Gg, Gll^Fp, Gll^Fp, Gll^Fp, Gll^Fp, Gll^Fp, Gll^Fp, Gll^Fp, Cv, Gll^Fp, Gll^Fp, Cv, Gg, Gg, Gg, Cv, Cv, Gg, Cv
Gll^Fp, Gll^Fp, Gll^Fp, Gll^Fp, Gll^Fp, Gll^Fp, Gll^Fp, Gll^Fp, Gll^Fp, Gll^Fp, Gg, Gll^Fp, Gll^Fp, Gll^Fp, Gll^Fp, Gll^Fp, Gll^Fp, Gll^Fp, Gll^Fp, Gll^Fp, Gll^Fp, Gll^Fp, Gll^Fp, Gll^Fp, Gll^Fp, Gll^Fp, Gll^Fp, Gg, Gll^Fp, Gll^Fp, Gll^Fp, Gll^Fp, Gll^Fp, Gll^Fp, Gll^Fp, Gll^Fp, Gll^Fp, Gll^Fp, Cv, Gg, Kv, Kvr, Kv, Cv, Gg, Cv
Gll^Fp, Gll^Fp, Gll^Fp, Gll^Fp, Gll^Fp, Gll^Fp, Gll^Fp, Gll^Fp, Gll^Fp, Gll^Fp, Gg, Gll^Fp, Gll^Fp, Gll^Fp, Gll^Fp, Gll^Fp, Gll^Fp, Gll^Fp, Gll^Fp, Gll^Fp, Gll^Fp, Gll^Fp, Gll^Fp, Gll^Fp, Gll^Fp, Gll^Fp, Gll^Fp, Gll^Fp, Gll^Fp, Gll^Fp, Gll^Fp, Gll^Fp, Gll^Fp, Gg, Gg, Cv, Gg, Gg, Cv, Gg, Kvr, 4 Kvr, Kv, Gg, Cv, Cv
Gll^Fp, Gll^Fp, Gll^Fp, Gll^Fp, Gll^Fp, Gll^Fp, Gll^Fp, Gll^Fp, Gll^Fp, Gll^Fp, Gll^Fp, Gg, Gll^Fp, Gll^Fp, Gll^Fp, Gll^Fp, Gll^Fp, Gll^Fp, Gll^Fp, Gll^Fp, Gll^Fp, Gll^Fp, Gll^Fp, Gll^Fp, Gll^Fp, Gll^Fp, Gll^Fp, Gll^Fp, Gll^Fp, Gll^Fp, Gll^Fp, Gll^Fp, Gll^Fp, Gll^Fp, Gll^Fp, Gg, Gg, Gg, Cv, Cv, Cv, Kvr, Gg, Gg, Cv, Gg
Gll^Fp, Gll^Fp, Gll^Fp, Gll^Fp, Gll^Fp, Gll^Fp, Gll^Fp, Gll^Fp, Gll^Fp, Gll^Fp, Gll^Fp, Gg, Gll^Fp, Gll^Fp, Gll^Fp, Gll^Fp, Gll^Fp, Gll^Fp, Gll^Fp, Gll^Fp, Gg, Gll^Fp, Gll^Fp, Gll^Fp, Gll^Fp, Gll^Fp, Gll^Fp, Gll^Fp, Gll^Fp, Gll^Fp, Gll^Fp, Gll^Fp, Gll^Fp, Gll^Fp, Gll^Fp, Gll^Fp, Gll^Fp, Gg, Gg, Cv, Gg, Gg, Cv, Cv, Gll^Fp, Gll^Fp
Gll^Fp, Gll^Fp, Gll^Fp, Gll^Fp, Gll^Fp, Gll^Fp, Gll^Fp, Gll^Fp, Gll^Fp, Gll^Fp, Gll^Fp, Gg, Gll^Fp, Gll^Fp, Gll^Fp, Gll^Fp, Gll^Fp, Gll^Fp, Gll^Fp, Gll^Fp, Gg, Gg, Gg, Gg, Gll^Fp, Gll^Fp, Gll^Fp, Gll^Fp, Gll^Fp, Gll^Fp, Gll^Fp, Gll^Fp, Gll^Fp, Gll^Fp, Gll^Fp, Gll^Fp, Cv, Gll^Fp, Gg, Gg, Gg, Cv, Gll^Fp, Gll^Fp, Gll^Fp, Gll^Fp
Gg, Gll^Fp, Gll^Fp, Gll^Fp, Gll^Fp, Gll^Fp, Gll^Fp, Gll^Fp, Gll^Fp, Gll^Fp, Gg, Gg, Gg, Gll^Fp, Gg, Gll^Fp, Gll^Fp, Gll^Fp, Gg, Gg, Gg, Gg, Gg, Gg, Gg, Gll^Fp, Gll^Fp, Gll^Fp, Gg, Gg, Gg, Gll^Fp, Gll^Fp, Gll^Fp, Gll^Fp, Gll^Fp, Gll^Fp, Gll^Fp, Gg, Gg, Gg, Gg, Gll^Fp, Gll^Fp, Gll^Fp, Gll^Fp
